// Jest Snapshot v1, https://goo.gl/fbAQLP

exports[`PositionValue #fees when price is above the position range gas 1`] = `47703`;

exports[`PositionValue #fees when price is below the position range gas 1`] = `47671`;

exports[`PositionValue #fees when price is within the position range gas 1`] = `53261`;

exports[`PositionValue #principal gas 1`] = `23024`;

exports[`PositionValue #total gas 1`] = `59845`;
