// Jest Snapshot v1, https://goo.gl/fbAQLP

exports[`V2Migrator #migrate gas 1`] = `732483`;
